150983 points read
Octree with depth 8 created.
Octree contains 150983 points. The bounding box size is 0.2048
Reading and sorting points in this octree took 0.388466 s.
Octree statistics
level 7 : 0.2048 ; mean number of points: 18872.9
level 6 : 0.1024 ; mean number of points: 4718.22
level 5 : 0.0512 ; mean number of points: 1179.55
level 4 : 0.0256 ; mean number of points: 344.71
level 3 : 0.0128 ; mean number of points: 85.7858
level 2 : 0.0064 ; mean number of points: 22.7727
level 1 : 0.0032 ; mean number of points: 6.35932
level 0 : 0.0016 ; mean number of points: 2.03481
****** Reconstructing with radii 0.0008; ******
single threaded reconstruction
***********Ball radius 0.0008 ***********
7550 vertices. 10000 facets. 4622 front edges. 2933 border edges.
12984 vertices. 20000 facets. 9522 front edges. 3540 border edges.
18070 vertices. 30000 facets. 13964 front edges. 3778 border edges.
22949 vertices. 40000 facets. 16832 front edges. 3930 border edges.
27971 vertices. 50000 facets. 21827 front edges. 3979 border edges.
33012 vertices. 60000 facets. 26783 front edges. 4073 border edges.
38060 vertices. 70000 facets. 31708 front edges. 4203 border edges.
43126 vertices. 80000 facets. 36646 front edges. 4357 border edges.
48201 vertices. 90000 facets. 41623 front edges. 4489 border edges.
53274 vertices. 100000 facets. 46562 front edges. 4647 border edges.
58066 vertices. 110000 facets. 50663 front edges. 4699 border edges.
63091 vertices. 120000 facets. 55568 front edges. 4832 border edges.
68118 vertices. 130000 facets. 60510 front edges. 4941 border edges.
73545 vertices. 140000 facets. 65320 front edges. 5550 border edges.
78645 vertices. 150000 facets. 70188 front edges. 5807 border edges.
83631 vertices. 160000 facets. 75092 front edges. 5890 border edges.
88658 vertices. 170000 facets. 80000 front edges. 6021 border edges.
93720 vertices. 180000 facets. 84922 front edges. 6164 border edges.
98741 vertices. 190000 facets. 89903 front edges. 6223 border edges.
103749 vertices. 200000 facets. 94871 front edges. 6271 border edges.
108672 vertices. 210000 facets. 99312 front edges. 6386 border edges.
113602 vertices. 220000 facets. 104208 front edges. 6406 border edges.
118046 vertices. 230000 facets. 63498 front edges. 6571 border edges.
Reconstructed mesh: 122802 vertices; 238054 facets. 
8690 border edges
Reconstructing the mesh took 1.75133s.
Filling the holes... 0 s.
Final mesh: 122802 vertices; 238054 facets. 
8690 border edges
digne: 150983 vertices, 238054 triangles, time: 1.751 s
