150983 points read
Octree with depth 8 created.
Octree contains 150983 points. The bounding box size is 0.2048
Reading and sorting points in this octree took 0.388057 s.
Octree statistics
level 7 : 0.2048 ; mean number of points: 18872.9
level 6 : 0.1024 ; mean number of points: 4718.22
level 5 : 0.0512 ; mean number of points: 1179.55
level 4 : 0.0256 ; mean number of points: 344.71
level 3 : 0.0128 ; mean number of points: 85.7858
level 2 : 0.0064 ; mean number of points: 22.7727
level 1 : 0.0032 ; mean number of points: 6.35932
level 0 : 0.0016 ; mean number of points: 2.03481
****** Reconstructing with radii 0.0008; ******
Processing depth 5 ; size 0.0256 ; dilatation radius 0.00168
Nodes 0/7 ; Nvertices: 21217 ; Nfacets 39041 ; Front 2319.
Nodes 1/7 ; Nvertices: 33520 ; Nfacets 62206 ; Front 2615.
Nodes 2/7 ; Nvertices: 53316 ; Nfacets 100668 ; Front 2915.
Nodes 3/7 ; Nvertices: 62249 ; Nfacets 118509 ; Front 2135.
Nodes 4/7 ; Nvertices: 85978 ; Nfacets 164198 ; Front 2783.
Nodes 5/7 ; Nvertices: 93757 ; Nfacets 179226 ; Front 2438.
Nodes 6/7 ; Nvertices: 118072 ; Nfacets 228209 ; Front 852.
Nodes 7/7 ; Nvertices: 122808 ; Nfacets 238061 ; Front 0.
Reconstructed mesh: 122808 vertices; 238061 facets. 
8681 border edges
Reconstructing the mesh took 0.569485s.
Filling the holes... 0 s.
Final mesh: 122808 vertices; 238061 facets. 
8681 border edges
digne_par: 150983 vertices, 238061 triangles, time: 0.569 s
