1600 points read
Octree with depth 5 created.
Octree contains 1600 points. The bounding box size is 4.8
Reading and sorting points in this octree took 0.003667 s.
Octree statistics
level 4 : 4.8 ; mean number of points: 400
level 3 : 2.4 ; mean number of points: 100
level 2 : 1.2 ; mean number of points: 32.6531
level 1 : 0.6 ; mean number of points: 8.16327
level 0 : 0.3 ; mean number of points: 2.19479
****** Reconstructing with radii 0.15; ******
single threaded reconstruction
***********Ball radius 0.15 ***********
Reconstructed mesh: 1600 vertices; 3042 facets. 
156 border edges
Reconstructing the mesh took 0.011262s.
Filling the holes... 0 s.
Final mesh: 1600 vertices; 3042 facets. 
156 border edges
digne: 1600 vertices, 3042 triangles, time: 0.011 s
