1600 points read
Octree with depth 5 created.
Octree contains 1600 points. The bounding box size is 4.8
Reading and sorting points in this octree took 0.003778 s.
Octree statistics
level 4 : 4.8 ; mean number of points: 400
level 3 : 2.4 ; mean number of points: 100
level 2 : 1.2 ; mean number of points: 32.6531
level 1 : 0.6 ; mean number of points: 8.16327
level 0 : 0.3 ; mean number of points: 2.19479
****** Reconstructing with radii 0.15; ******
Processing depth 2 ; size 0.6 ; dilatation radius 0.315
Nodes 0/7 ; Nvertices: 1600 ; Nfacets 2592 ; Front 432.
Nodes 1/7 ; Nvertices: 1600 ; Nfacets 2592 ; Front 432.
Nodes 2/7 ; Nvertices: 1600 ; Nfacets 2808 ; Front 234.
Nodes 3/7 ; Nvertices: 1600 ; Nfacets 2808 ; Front 234.
Nodes 4/7 ; Nvertices: 1600 ; Nfacets 3024 ; Front 36.
Nodes 5/7 ; Nvertices: 1600 ; Nfacets 3024 ; Front 36.
Nodes 6/7 ; Nvertices: 1600 ; Nfacets 3042 ; Front 0.
Nodes 7/7 ; Nvertices: 1600 ; Nfacets 3042 ; Front 0.
Reconstructed mesh: 1600 vertices; 3042 facets. 
156 border edges
Reconstructing the mesh took 0.00441s.
Filling the holes... 0 s.
Final mesh: 1600 vertices; 3042 facets. 
156 border edges
digne_par: 1600 vertices, 3042 triangles, time: 0.004 s
