40256 points read
Octree with depth 8 created.
Octree contains 40256 points. The bounding box size is 0.32
Reading and sorting points in this octree took 0.102472 s.
Octree statistics
level 7 : 0.32 ; mean number of points: 5032
level 6 : 0.16 ; mean number of points: 2368
level 5 : 0.08 ; mean number of points: 1032.21
level 4 : 0.04 ; mean number of points: 332.694
level 3 : 0.02 ; mean number of points: 103.486
level 2 : 0.01 ; mean number of points: 29.5348
level 1 : 0.005 ; mean number of points: 8.3484
level 0 : 0.0025 ; mean number of points: 2.59131
****** Reconstructing with radii 0.00125; ******
single threaded reconstruction
***********Ball radius 0.00125 ***********
5959 vertices. 10000 facets. 1934 front edges. 1043 border edges.
10976 vertices. 20000 facets. 6898 front edges. 1117 border edges.
15954 vertices. 30000 facets. 11857 front edges. 1145 border edges.
20951 vertices. 40000 facets. 16819 front edges. 1207 border edges.
25908 vertices. 50000 facets. 21722 front edges. 1296 border edges.
30901 vertices. 60000 facets. 26587 front edges. 1450 border edges.
35830 vertices. 70000 facets. 31464 front edges. 1526 border edges.
Reconstructed mesh: 39785 vertices; 77941 facets. 
2095 border edges
Reconstructing the mesh took 0.510011s.
Filling the holes... 0 s.
Final mesh: 39785 vertices; 77941 facets. 
2095 border edges
digne: 40256 vertices, 77941 triangles, time: 0.510 s
