6250 points read
Octree with depth 7 created.
Octree contains 6250 points. The bounding box size is 0.192
Reading and sorting points in this octree took 0.015129 s.
Octree statistics
level 6 : 0.192 ; mean number of points: 1562.5
level 5 : 0.096 ; mean number of points: 694.444
level 4 : 0.048 ; mean number of points: 250
level 3 : 0.024 ; mean number of points: 77.1605
level 2 : 0.012 ; mean number of points: 19.2901
level 1 : 0.006 ; mean number of points: 5.40657
level 0 : 0.003 ; mean number of points: 1.78469
****** Reconstructing with radii 0.0015; ******
single threaded reconstruction
***********Ball radius 0.0015 ***********
5339 vertices. 10000 facets. 4824 front edges. 599 border edges.
Reconstructed mesh: 6249 vertices; 11982 facets. 
692 border edges
Reconstructing the mesh took 0.04333s.
Filling the holes... 0 s.
Final mesh: 6249 vertices; 11982 facets. 
692 border edges
digne: 6250 vertices, 11982 triangles, time: 0.043 s
