5300 points read
Octree with depth 7 created.
Octree contains 5300 points. The bounding box size is 0.192
Reading and sorting points in this octree took 0.013006 s.
Octree statistics
level 6 : 0.192 ; mean number of points: 1325
level 5 : 0.096 ; mean number of points: 588.889
level 4 : 0.048 ; mean number of points: 212
level 3 : 0.024 ; mean number of points: 65.4321
level 2 : 0.012 ; mean number of points: 17.6667
level 1 : 0.006 ; mean number of points: 5.9752
level 0 : 0.003 ; mean number of points: 2.06708
****** Reconstructing with radii 0.0015; 0.006; ******
single threaded reconstruction
***********Ball radius 0.0015 ***********
***********Ball radius 0.006 ***********
5134 vertices. 10000 facets. 193 front edges. 155 border edges.
Reconstructed mesh: 5300 vertices; 10405 facets. 
193 border edges
Reconstructing the mesh took 0.058339s.
Filling the holes... 0 s.
Final mesh: 5300 vertices; 10405 facets. 
193 border edges
digne: 5300 vertices, 10405 triangles, time: 0.058 s
