6250 points read
Octree with depth 7 created.
Octree contains 6250 points. The bounding box size is 0.192
Reading and sorting points in this octree took 0.015275 s.
Octree statistics
level 6 : 0.192 ; mean number of points: 1562.5
level 5 : 0.096 ; mean number of points: 694.444
level 4 : 0.048 ; mean number of points: 250
level 3 : 0.024 ; mean number of points: 77.1605
level 2 : 0.012 ; mean number of points: 19.2901
level 1 : 0.006 ; mean number of points: 5.40657
level 0 : 0.003 ; mean number of points: 1.78469
****** Reconstructing with radii 0.0015; ******
Processing depth 4 ; size 0.024 ; dilatation radius 0.00315
Nodes 0/7 ; Nvertices: 0 ; Nfacets 0 ; Front 0.
Nodes 1/7 ; Nvertices: 2250 ; Nfacets 4067 ; Front 325.
Nodes 2/7 ; Nvertices: 2250 ; Nfacets 4067 ; Front 325.
Nodes 3/7 ; Nvertices: 3750 ; Nfacets 6985 ; Front 280.
Nodes 4/7 ; Nvertices: 3750 ; Nfacets 6985 ; Front 280.
Nodes 5/7 ; Nvertices: 5249 ; Nfacets 9898 ; Front 232.
Nodes 6/7 ; Nvertices: 5249 ; Nfacets 9898 ; Front 232.
Nodes 7/7 ; Nvertices: 6249 ; Nfacets 11982 ; Front 0.
Reconstructed mesh: 6249 vertices; 11982 facets. 
692 border edges
Reconstructing the mesh took 0.020186s.
Filling the holes... 0 s.
Final mesh: 6249 vertices; 11982 facets. 
692 border edges
digne_par: 6250 vertices, 11982 triangles, time: 0.020 s
