4172 points read
Octree with depth 6 created.
Octree contains 4172 points. The bounding box size is 0.096
Reading and sorting points in this octree took 0.011421 s.
Octree statistics
level 5 : 0.096 ; mean number of points: 521.5
level 4 : 0.048 ; mean number of points: 208.6
level 3 : 0.024 ; mean number of points: 57.1507
level 2 : 0.012 ; mean number of points: 14.7943
level 1 : 0.006 ; mean number of points: 4.99043
level 0 : 0.003 ; mean number of points: 1.84602
****** Reconstructing with radii 0.0015; ******
single threaded reconstruction
***********Ball radius 0.0015 ***********
Reconstructed mesh: 3950 vertices; 7786 facets. 
112 border edges
Reconstructing the mesh took 0.03739s.
Filling the holes... 0 s.
Final mesh: 3950 vertices; 7786 facets. 
112 border edges
digne: 4172 vertices, 7786 triangles, time: 0.037 s
