depth complexity over 390796 covered pixels (colour ramp saturates at 16 layers):
  1 triangles:   73937 pixels ( 18.9%)  odd
  2 triangles:  304075 pixels ( 77.8%)
  3 triangles:    3187 pixels (  0.8%)  odd
  4 triangles:    7660 pixels (  2.0%)
  5 triangles:     459 pixels (  0.1%)  odd
  6 triangles:    1207 pixels (  0.3%)
  7 triangles:      48 pixels (  0.0%)  odd
  8 triangles:     175 pixels (  0.0%)
  9 triangles:      10 pixels (  0.0%)  odd
  10 triangles:      24 pixels (  0.0%)
  12 triangles:       8 pixels (  0.0%)
  13 triangles:       1 pixels (  0.0%)  odd
  14 triangles:       5 pixels (  0.0%)
  odd pixels (holes seen through): 77642 (19.87%)
  front - back = -3: 1 pixels
  front - back = -2: 645 pixels
  front - back = -1: 36661 pixels
  front - back = +1: 40980 pixels
  front - back = +2: 9 pixels
