depth complexity over 390617 covered pixels (colour ramp saturates at 16 layers):
  1 triangles:   76439 pixels ( 19.6%)  odd
  2 triangles:  301431 pixels ( 77.2%)
  3 triangles:    3450 pixels (  0.9%)  odd
  4 triangles:    7377 pixels (  1.9%)
  5 triangles:     456 pixels (  0.1%)  odd
  6 triangles:    1194 pixels (  0.3%)
  7 triangles:      48 pixels (  0.0%)  odd
  8 triangles:     171 pixels (  0.0%)
  9 triangles:      13 pixels (  0.0%)  odd
  10 triangles:      24 pixels (  0.0%)
  11 triangles:       1 pixels (  0.0%)  odd
  12 triangles:       7 pixels (  0.0%)
  13 triangles:       1 pixels (  0.0%)  odd
  14 triangles:       5 pixels (  0.0%)
  odd pixels (holes seen through): 80408 (20.58%)
  front - back = -3: 1 pixels
  front - back = -2: 678 pixels
  front - back = -1: 37263 pixels
  front - back = +1: 43144 pixels
  front - back = +2: 10 pixels
