depth complexity over 390961 covered pixels (colour ramp saturates at 16 layers):
  1 triangles:   71351 pixels ( 18.3%)  odd
  2 triangles:  306670 pixels ( 78.4%)
  3 triangles:    3027 pixels (  0.8%)  odd
  4 triangles:    7943 pixels (  2.0%)
  5 triangles:     459 pixels (  0.1%)  odd
  6 triangles:    1229 pixels (  0.3%)
  7 triangles:      51 pixels (  0.0%)  odd
  8 triangles:     175 pixels (  0.0%)
  9 triangles:      16 pixels (  0.0%)  odd
  10 triangles:      26 pixels (  0.0%)
  12 triangles:       8 pixels (  0.0%)
  13 triangles:       1 pixels (  0.0%)  odd
  14 triangles:       5 pixels (  0.0%)
  odd pixels (holes seen through): 74905 (19.16%)
  front - back = -3: 1 pixels
  front - back = -2: 548 pixels
  front - back = -1: 35202 pixels
  front - back = +1: 39702 pixels
  front - back = +2: 11 pixels
