depth complexity over 390849 covered pixels (colour ramp saturates at 16 layers):
  1 triangles:   73734 pixels ( 18.9%)  odd
  2 triangles:  304310 pixels ( 77.9%)
  3 triangles:    3207 pixels (  0.8%)  odd
  4 triangles:    7661 pixels (  2.0%)
  5 triangles:     459 pixels (  0.1%)  odd
  6 triangles:    1207 pixels (  0.3%)
  7 triangles:      48 pixels (  0.0%)  odd
  8 triangles:     175 pixels (  0.0%)
  9 triangles:      10 pixels (  0.0%)  odd
  10 triangles:      24 pixels (  0.0%)
  12 triangles:       8 pixels (  0.0%)
  13 triangles:       1 pixels (  0.0%)  odd
  14 triangles:       5 pixels (  0.0%)
  odd pixels (holes seen through): 77459 (19.82%)
  front - back = -3: 1 pixels
  front - back = -2: 662 pixels
  front - back = -1: 36426 pixels
  front - back = +1: 41032 pixels
  front - back = +2: 9 pixels
