depth complexity over 390104 covered pixels (colour ramp saturates at 16 layers):
  1 triangles:   80174 pixels ( 20.6%)  odd
  2 triangles:  297339 pixels ( 76.2%)
  3 triangles:    3416 pixels (  0.9%)  odd
  4 triangles:    7287 pixels (  1.9%)
  5 triangles:     466 pixels (  0.1%)  odd
  6 triangles:    1159 pixels (  0.3%)
  7 triangles:      52 pixels (  0.0%)  odd
  8 triangles:     160 pixels (  0.0%)
  9 triangles:      13 pixels (  0.0%)  odd
  10 triangles:      24 pixels (  0.0%)
  12 triangles:       8 pixels (  0.0%)
  13 triangles:       1 pixels (  0.0%)  odd
  14 triangles:       5 pixels (  0.0%)
  odd pixels (holes seen through): 84122 (21.56%)
  front - back = -3: 1 pixels
  front - back = -2: 849 pixels
  front - back = -1: 39328 pixels
  front - back = +1: 44785 pixels
  front - back = +2: 80 pixels
  front - back = +3: 8 pixels
