1826038 points read
Octree with depth 10 created.
Octree contains 1826038 points. The bounding box size is 0.7168
Reading and sorting points in this octree took 4.73628 s.
Octree statistics
level 9 : 0.7168 ; mean number of points: 228255
level 8 : 0.3584 ; mean number of points: 140464
level 7 : 0.1792 ; mean number of points: 46821.5
level 6 : 0.0896 ; mean number of points: 18079.6
level 5 : 0.0448 ; mean number of points: 6340.41
level 4 : 0.0224 ; mean number of points: 1769.42
level 3 : 0.0112 ; mean number of points: 451.654
level 2 : 0.0056 ; mean number of points: 109.272
level 1 : 0.0028 ; mean number of points: 26.1681
level 0 : 0.0014 ; mean number of points: 6.21262
****** Reconstructing with radii 0.0007; ******
Processing depth 7 ; size 0.0896 ; dilatation radius 0.00147
Nodes 0/7 ; Nvertices: 37782 ; Nfacets 70165 ; Front 1517.
Nodes 1/7 ; Nvertices: 116940 ; Nfacets 221326 ; Front 2165.
Nodes 2/7 ; Nvertices: 140939 ; Nfacets 266935 ; Front 2311.
Nodes 3/7 ; Nvertices: 168173 ; Nfacets 318784 ; Front 1808.
Nodes 4/7 ; Nvertices: 187419 ; Nfacets 355528 ; Front 2338.
Nodes 5/7 ; Nvertices: 273567 ; Nfacets 523576 ; Front 1422.
Nodes 6/7 ; Nvertices: 295399 ; Nfacets 565217 ; Front 1158.
Nodes 7/7 ; Nvertices: 329736 ; Nfacets 631171 ; Front 0.
Reconstructed mesh: 329736 vertices; 631171 facets. 
47687 border edges
Reconstructing the mesh took 1382.47s.
Filling the holes... 0 s.
Final mesh: 329736 vertices; 631171 facets. 
47687 border edges
digne_par: 1826038 vertices, 631171 triangles, time: 1382.470 s
