20000 points read
Octree with depth 6 created.
Octree contains 20000 points. The bounding box size is 3.2
Reading and sorting points in this octree took 0.051516 s.
Octree statistics
level 5 : 3.2 ; mean number of points: 5000
level 4 : 1.6 ; mean number of points: 1333.33
level 3 : 0.8 ; mean number of points: 270.27
level 2 : 0.4 ; mean number of points: 66.8896
level 1 : 0.2 ; mean number of points: 15.2788
level 0 : 0.1 ; mean number of points: 4.31593
****** Reconstructing with radii 0.05; ******
Processing depth 3 ; size 0.4 ; dilatation radius 0.105
Nodes 0/7 ; Nvertices: 5930 ; Nfacets 10763 ; Front 1075.
Nodes 1/7 ; Nvertices: 10973 ; Nfacets 20513 ; Front 1411.
Nodes 2/7 ; Nvertices: 12998 ; Nfacets 24641 ; Front 1343.
Nodes 3/7 ; Nvertices: 14920 ; Nfacets 28727 ; Front 1109.
Nodes 4/7 ; Nvertices: 16638 ; Nfacets 32358 ; Front 928.
Nodes 5/7 ; Nvertices: 18381 ; Nfacets 36117 ; Front 663.
Nodes 6/7 ; Nvertices: 19274 ; Nfacets 38197 ; Front 367.
Nodes 7/7 ; Nvertices: 20000 ; Nfacets 40000 ; Front 0.
Reconstructed mesh: 20000 vertices; 40000 facets. 
0 border edges
Reconstructing the mesh took 0.071328s.
Filling the holes... 0 s.
Final mesh: 20000 vertices; 40000 facets. 
0 border edges
digne_par: 20000 vertices, 40000 triangles, time: 0.071 s
