3942 points read
Octree with depth 6 created.
Octree contains 3942 points. The bounding box size is 0.096
Reading and sorting points in this octree took 0.010777 s.
Octree statistics
level 5 : 0.096 ; mean number of points: 985.5
level 4 : 0.048 ; mean number of points: 164.25
level 3 : 0.024 ; mean number of points: 71.6727
level 2 : 0.012 ; mean number of points: 15.5197
level 1 : 0.006 ; mean number of points: 4.5
level 0 : 0.003 ; mean number of points: 1.72971
****** Reconstructing with radii 0.0015; ******
single threaded reconstruction
***********Ball radius 0.0015 ***********
Reconstructed mesh: 3835 vertices; 7362 facets. 
298 border edges
Reconstructing the mesh took 0.034335s.
Filling the holes... 0 s.
Final mesh: 3835 vertices; 7362 facets. 
298 border edges
digne: 3942 vertices, 7362 triangles, time: 0.034 s
