3362 points read
Octree with depth 6 created.
Octree contains 3362 points. The bounding box size is 0.096
Reading and sorting points in this octree took 0.009294 s.
Octree statistics
level 5 : 0.096 ; mean number of points: 840.5
level 4 : 0.048 ; mean number of points: 140.083
level 3 : 0.024 ; mean number of points: 60.0357
level 2 : 0.012 ; mean number of points: 14.3675
level 1 : 0.006 ; mean number of points: 5.01043
level 0 : 0.003 ; mean number of points: 1.93107
****** Reconstructing with radii 0.0015; 0.006; ******
Processing depth 4 ; size 0.024 ; dilatation radius 0.0126
Nodes 0/7 ; Nvertices: 3172 ; Nfacets 6257 ; Front 9.
Nodes 1/7 ; Nvertices: 3172 ; Nfacets 6257 ; Front 9.
Nodes 2/7 ; Nvertices: 3172 ; Nfacets 6257 ; Front 9.
Nodes 3/7 ; Nvertices: 3172 ; Nfacets 6257 ; Front 9.
Nodes 4/7 ; Nvertices: 3172 ; Nfacets 6259 ; Front 5.
Nodes 5/7 ; Nvertices: 3172 ; Nfacets 6262 ; Front 0.
Nodes 6/7 ; Nvertices: 3172 ; Nfacets 6262 ; Front 0.
Nodes 7/7 ; Nvertices: 3172 ; Nfacets 6262 ; Front 0.
Nodes 0/7 ; Nvertices: 3172 ; Nfacets 6262 ; Front 0.
Nodes 1/7 ; Nvertices: 3172 ; Nfacets 6262 ; Front 0.
Nodes 2/7 ; Nvertices: 3362 ; Nfacets 6652 ; Front 32.
Nodes 3/7 ; Nvertices: 3362 ; Nfacets 6671 ; Front 32.
Nodes 4/7 ; Nvertices: 3362 ; Nfacets 6671 ; Front 32.
Nodes 5/7 ; Nvertices: 3362 ; Nfacets 6671 ; Front 32.
Nodes 6/7 ; Nvertices: 3362 ; Nfacets 6681 ; Front 32.
Nodes 7/7 ; Nvertices: 3362 ; Nfacets 6694 ; Front 32.
Remaining front edges 32
Reconstructed mesh: 3362 vertices; 6716 facets. 
155 border edges
Reconstructing the mesh took 0.033956s.
Filling the holes... 0 s.
Final mesh: 3362 vertices; 6716 facets. 
155 border edges
digne_par: 3362 vertices, 6716 triangles, time: 0.034 s
