30000 points read
Octree with depth 8 created.
Octree contains 30000 points. The bounding box size is 4.8128
Reading and sorting points in this octree took 0.076943 s.
Octree statistics
level 7 : 4.8128 ; mean number of points: 7500
level 6 : 2.4064 ; mean number of points: 2727.27
level 5 : 1.2032 ; mean number of points: 697.674
level 4 : 0.6016 ; mean number of points: 186.335
level 3 : 0.3008 ; mean number of points: 42.3131
level 2 : 0.1504 ; mean number of points: 10.6082
level 1 : 0.0752 ; mean number of points: 3.04476
level 0 : 0.0376 ; mean number of points: 1.37155
****** Reconstructing with radii 0.0188; ******
single threaded reconstruction
***********Ball radius 0.0188 ***********
6006 vertices. 10000 facets. 4818 front edges. 1230 border edges.
10850 vertices. 20000 facets. 5898 front edges. 1230 border edges.
15681 vertices. 30000 facets. 6956 front edges. 1230 border edges.
Reconstructed mesh: 18594 vertices; 35944 facets. 
1314 border edges
Reconstructing the mesh took 0.110768s.
Filling the holes... 0 s.
Final mesh: 18594 vertices; 35944 facets. 
1314 border edges
digne: 30000 vertices, 35944 triangles, time: 0.111 s
