30000 points read
Octree with depth 8 created.
Octree contains 30000 points. The bounding box size is 4.8128
Reading and sorting points in this octree took 0.076669 s.
Octree statistics
level 7 : 4.8128 ; mean number of points: 7500
level 6 : 2.4064 ; mean number of points: 2727.27
level 5 : 1.2032 ; mean number of points: 697.674
level 4 : 0.6016 ; mean number of points: 186.335
level 3 : 0.3008 ; mean number of points: 42.3131
level 2 : 0.1504 ; mean number of points: 10.6082
level 1 : 0.0752 ; mean number of points: 3.04476
level 0 : 0.0376 ; mean number of points: 1.37155
****** Reconstructing with radii 0.0188; ******
Processing depth 5 ; size 0.6016 ; dilatation radius 0.03948
Nodes 0/7 ; Nvertices: 4248 ; Nfacets 7831 ; Front 580.
Nodes 1/7 ; Nvertices: 7909 ; Nfacets 14946 ; Front 672.
Nodes 2/7 ; Nvertices: 10081 ; Nfacets 18921 ; Front 757.
Nodes 3/7 ; Nvertices: 11565 ; Nfacets 21997 ; Front 515.
Nodes 4/7 ; Nvertices: 15959 ; Nfacets 30480 ; Front 520.
Nodes 5/7 ; Nvertices: 16635 ; Nfacets 31971 ; Front 335.
Nodes 6/7 ; Nvertices: 18311 ; Nfacets 35334 ; Front 90.
Nodes 7/7 ; Nvertices: 18596 ; Nfacets 35945 ; Front 0.
Reconstructed mesh: 18596 vertices; 35945 facets. 
1319 border edges
Reconstructing the mesh took 0.051861s.
Filling the holes... 0 s.
Final mesh: 18596 vertices; 35945 facets. 
1319 border edges
digne_par: 30000 vertices, 35945 triangles, time: 0.052 s
