9600 points read
Octree with depth 5 created.
Octree contains 9600 points. The bounding box size is 3.2
Reading and sorting points in this octree took 0.024619 s.
Octree statistics
level 4 : 3.2 ; mean number of points: 2400
level 3 : 1.6 ; mean number of points: 640
level 2 : 0.8 ; mean number of points: 129.73
level 1 : 0.4 ; mean number of points: 32
level 0 : 0.2 ; mean number of points: 7.60095
****** Reconstructing with radii 0.1; ******
Processing depth 2 ; size 0.4 ; dilatation radius 0.21
Nodes 0/7 ; Nvertices: 6099 ; Nfacets 11429 ; Front 863.
Nodes 1/7 ; Nvertices: 8982 ; Nfacets 17040 ; Front 1078.
Nodes 2/7 ; Nvertices: 9388 ; Nfacets 18019 ; Front 907.
Nodes 3/7 ; Nvertices: 9497 ; Nfacets 18418 ; Front 706.
Nodes 4/7 ; Nvertices: 9520 ; Nfacets 18631 ; Front 509.
Nodes 5/7 ; Nvertices: 9520 ; Nfacets 18773 ; Front 337.
Nodes 6/7 ; Nvertices: 9590 ; Nfacets 19071 ; Front 149.
Nodes 7/7 ; Nvertices: 9600 ; Nfacets 19200 ; Front 0.
Reconstructed mesh: 9600 vertices; 19200 facets. 
0 border edges
Reconstructing the mesh took 0.086888s.
Filling the holes... 0 s.
Final mesh: 9600 vertices; 19200 facets. 
0 border edges
digne_par: 9600 vertices, 19200 triangles, time: 0.087 s
