depth complexity over 402178 covered pixels (colour ramp saturates at 16 layers):
  1 triangles:    2325 pixels (  0.6%)  odd
  2 triangles:   35466 pixels (  8.8%)
  3 triangles:  132891 pixels ( 33.0%)  odd
  4 triangles:  205429 pixels ( 51.1%)
  5 triangles:    8566 pixels (  2.1%)  odd
  6 triangles:    9152 pixels (  2.3%)
  7 triangles:    3022 pixels (  0.8%)  odd
  8 triangles:    2835 pixels (  0.7%)
  9 triangles:    1024 pixels (  0.3%)  odd
  10 triangles:     825 pixels (  0.2%)
  11 triangles:     303 pixels (  0.1%)  odd
  12 triangles:     201 pixels (  0.0%)
  13 triangles:      63 pixels (  0.0%)  odd
  14 triangles:      43 pixels (  0.0%)
  15 triangles:      11 pixels (  0.0%)  odd
  16 triangles:      16 pixels (  0.0%)
  17 triangles:       2 pixels (  0.0%)  odd
  18 triangles:       2 pixels (  0.0%)
  21 triangles:       1 pixels (  0.0%)  odd
  22 triangles:       1 pixels (  0.0%)
  odd pixels (holes seen through): 148208 (36.85%)
  front - back = -3: 23 pixels
  front - back = -2: 477 pixels
  front - back = -1: 97705 pixels
  front - back = +1: 50478 pixels
  front - back = +2: 358 pixels
  front - back = +3: 2 pixels
