30000 points read
Octree with depth 7 created.
Octree contains 30000 points. The bounding box size is 3.84
Reading and sorting points in this octree took 0.075809 s.
Octree statistics
level 6 : 3.84 ; mean number of points: 7500
level 5 : 1.92 ; mean number of points: 1875
level 4 : 0.96 ; mean number of points: 461.538
level 3 : 0.48 ; mean number of points: 105.634
level 2 : 0.24 ; mean number of points: 25.9067
level 1 : 0.12 ; mean number of points: 6.98324
level 0 : 0.06 ; mean number of points: 2.19314
****** Reconstructing with radii 0.03; ******
Processing depth 4 ; size 0.48 ; dilatation radius 0.063
Nodes 0/7 ; Nvertices: 7663 ; Nfacets 14036 ; Front 1262.
Nodes 1/7 ; Nvertices: 11073 ; Nfacets 20635 ; Front 1485.
Nodes 2/7 ; Nvertices: 15701 ; Nfacets 29770 ; Front 1573.
Nodes 3/7 ; Nvertices: 18559 ; Nfacets 35809 ; Front 1252.
Nodes 4/7 ; Nvertices: 23354 ; Nfacets 45303 ; Front 1349.
Nodes 5/7 ; Nvertices: 25157 ; Nfacets 49207 ; Front 1053.
Nodes 6/7 ; Nvertices: 28103 ; Nfacets 55610 ; Front 535.
Nodes 7/7 ; Nvertices: 29202 ; Nfacets 58325 ; Front 0.
Reconstructed mesh: 29202 vertices; 58325 facets. 
217 border edges
Reconstructing the mesh took 0.131604s.
Filling the holes... 0 s.
Final mesh: 29202 vertices; 58325 facets. 
217 border edges
digne_par: 30000 vertices, 58325 triangles, time: 0.132 s
