30000 points read
Octree with depth 7 created.
Octree contains 30000 points. The bounding box size is 3.84
Reading and sorting points in this octree took 0.076273 s.
Octree statistics
level 6 : 3.84 ; mean number of points: 7500
level 5 : 1.92 ; mean number of points: 1875
level 4 : 0.96 ; mean number of points: 461.538
level 3 : 0.48 ; mean number of points: 105.634
level 2 : 0.24 ; mean number of points: 25.9067
level 1 : 0.12 ; mean number of points: 6.98324
level 0 : 0.06 ; mean number of points: 2.19314
****** Reconstructing with radii 0.03; ******
single threaded reconstruction
***********Ball radius 0.03 ***********
5198 vertices. 10000 facets. 5153 front edges. 66 border edges.
10238 vertices. 20000 facets. 10193 front edges. 70 border edges.
15281 vertices. 30000 facets. 15171 front edges. 170 border edges.
20289 vertices. 40000 facets. 20180 front edges. 170 border edges.
25230 vertices. 50000 facets. 25109 front edges. 190 border edges.
Reconstructed mesh: 29202 vertices; 58326 facets. 
210 border edges
Reconstructing the mesh took 0.330039s.
Filling the holes... 0 s.
Final mesh: 29202 vertices; 58326 facets. 
210 border edges
digne: 30000 vertices, 58326 triangles, time: 0.330 s
