depth complexity over 386988 covered pixels (colour ramp saturates at 16 layers):
  1 triangles:   95534 pixels ( 24.7%)  odd
  2 triangles:  278735 pixels ( 72.0%)
  3 triangles:    5444 pixels (  1.4%)  odd
  4 triangles:    5516 pixels (  1.4%)
  5 triangles:     636 pixels (  0.2%)  odd
  6 triangles:     761 pixels (  0.2%)
  7 triangles:      76 pixels (  0.0%)  odd
  8 triangles:     186 pixels (  0.0%)
  9 triangles:      17 pixels (  0.0%)  odd
  10 triangles:      63 pixels (  0.0%)
  11 triangles:       5 pixels (  0.0%)  odd
  12 triangles:      10 pixels (  0.0%)
  14 triangles:       5 pixels (  0.0%)
  odd pixels (holes seen through): 101712 (26.28%)
  front - back = -4: 6 pixels
  front - back = -3: 166 pixels
  front - back = -2: 2469 pixels
  front - back = -1: 58682 pixels
  front - back = +1: 42863 pixels
  front - back = +2: 25 pixels
  front - back = +3: 1 pixels
