depth complexity over 384727 covered pixels (colour ramp saturates at 16 layers):
  1 triangles:   94959 pixels ( 24.7%)  odd
  2 triangles:  262133 pixels ( 68.1%)
  3 triangles:   20036 pixels (  5.2%)  odd
  4 triangles:    5356 pixels (  1.4%)
  5 triangles:     961 pixels (  0.2%)  odd
  6 triangles:     854 pixels (  0.2%)
  7 triangles:     115 pixels (  0.0%)  odd
  8 triangles:     196 pixels (  0.1%)
  9 triangles:      19 pixels (  0.0%)  odd
  10 triangles:      72 pixels (  0.0%)
  11 triangles:       6 pixels (  0.0%)  odd
  12 triangles:      14 pixels (  0.0%)
  14 triangles:       6 pixels (  0.0%)
  odd pixels (holes seen through): 116096 (30.18%)
  front - back = -4: 2 pixels
  front - back = -3: 296 pixels
  front - back = -2: 6546 pixels
  front - back = -1: 74716 pixels
  front - back = +1: 41082 pixels
  front - back = +2: 395 pixels
  front - back = +3: 2 pixels
