2000 points read
Octree with depth 5 created.
Octree contains 2000 points. The bounding box size is 3.808
Reading and sorting points in this octree took 0.005015 s.
Octree statistics
level 4 : 3.808 ; mean number of points: 250
level 3 : 1.904 ; mean number of points: 100
level 2 : 0.952 ; mean number of points: 26.3158
level 1 : 0.476 ; mean number of points: 6.89655
level 0 : 0.238 ; mean number of points: 1.96464
****** Reconstructing with radii 0.119; ******
Processing depth 2 ; size 0.476 ; dilatation radius 0.2499
Nodes 0/7 ; Nvertices: 1336 ; Nfacets 2354 ; Front 376.
Nodes 1/7 ; Nvertices: 1621 ; Nfacets 2896 ; Front 412.
Nodes 2/7 ; Nvertices: 1826 ; Nfacets 3339 ; Front 387.
Nodes 3/7 ; Nvertices: 1826 ; Nfacets 3416 ; Front 286.
Nodes 4/7 ; Nvertices: 2000 ; Nfacets 3809 ; Front 253.
Nodes 5/7 ; Nvertices: 2000 ; Nfacets 3881 ; Front 157.
Nodes 6/7 ; Nvertices: 2000 ; Nfacets 3948 ; Front 66.
Nodes 7/7 ; Nvertices: 2000 ; Nfacets 3996 ; Front 0.
Reconstructed mesh: 2000 vertices; 3996 facets. 
0 border edges
Reconstructing the mesh took 0.00768s.
Filling the holes... 0 s.
Final mesh: 2000 vertices; 3996 facets. 
0 border edges
digne_par: 2000 vertices, 3996 triangles, time: 0.008 s
