2000 points read
Octree with depth 5 created.
Octree contains 2000 points. The bounding box size is 3.808
Reading and sorting points in this octree took 0.004974 s.
Octree statistics
level 4 : 3.808 ; mean number of points: 250
level 3 : 1.904 ; mean number of points: 100
level 2 : 0.952 ; mean number of points: 26.3158
level 1 : 0.476 ; mean number of points: 6.89655
level 0 : 0.238 ; mean number of points: 1.96464
****** Reconstructing with radii 0.119; ******
single threaded reconstruction
***********Ball radius 0.119 ***********
Reconstructed mesh: 2000 vertices; 3996 facets. 
0 border edges
Reconstructing the mesh took 0.017697s.
Filling the holes... 0 s.
Final mesh: 2000 vertices; 3996 facets. 
0 border edges
digne: 2000 vertices, 3996 triangles, time: 0.018 s
