depth complexity over 131502 covered pixels (colour ramp saturates at 16 layers):
  1 triangles:   29746 pixels ( 22.6%)  odd
  2 triangles:   82219 pixels ( 62.5%)
  3 triangles:    5019 pixels (  3.8%)  odd
  4 triangles:   10371 pixels (  7.9%)
  5 triangles:    1129 pixels (  0.9%)  odd
  6 triangles:    1962 pixels (  1.5%)
  7 triangles:     286 pixels (  0.2%)  odd
  8 triangles:     487 pixels (  0.4%)
  9 triangles:      87 pixels (  0.1%)  odd
  10 triangles:     129 pixels (  0.1%)
  11 triangles:      21 pixels (  0.0%)  odd
  12 triangles:      27 pixels (  0.0%)
  13 triangles:       6 pixels (  0.0%)  odd
  14 triangles:       9 pixels (  0.0%)
  16 triangles:       2 pixels (  0.0%)
  17 triangles:       2 pixels (  0.0%)  odd
  odd pixels (holes seen through): 36296 (27.60%)
  front - back = -3: 4 pixels
  front - back = -2: 179 pixels
  front - back = -1: 5732 pixels
  front - back = +1: 30551 pixels
  front - back = +2: 273 pixels
  front - back = +3: 9 pixels
