depth complexity over 109165 covered pixels (colour ramp saturates at 16 layers):
  1 triangles:     133 pixels (  0.1%)  odd
  2 triangles:    6919 pixels (  6.3%)
  3 triangles:    7739 pixels (  7.1%)  odd
  4 triangles:   72466 pixels ( 66.4%)
  5 triangles:    1382 pixels (  1.3%)  odd
  6 triangles:    9660 pixels (  8.8%)
  7 triangles:    1860 pixels (  1.7%)  odd
  8 triangles:    5765 pixels (  5.3%)
  9 triangles:     449 pixels (  0.4%)  odd
  10 triangles:    1712 pixels (  1.6%)
  11 triangles:     134 pixels (  0.1%)  odd
  12 triangles:     571 pixels (  0.5%)
  13 triangles:      52 pixels (  0.0%)  odd
  14 triangles:     209 pixels (  0.2%)
  15 triangles:      12 pixels (  0.0%)  odd
  16 triangles:      64 pixels (  0.1%)
  17 triangles:       4 pixels (  0.0%)  odd
  18 triangles:      19 pixels (  0.0%)
  19 triangles:       2 pixels (  0.0%)  odd
  20 triangles:      11 pixels (  0.0%)
  21 triangles:       1 pixels (  0.0%)  odd
  22 triangles:       1 pixels (  0.0%)
  odd pixels (holes seen through): 11768 (10.78%)
  front - back = -3: 4 pixels
  front - back = -2: 109 pixels
  front - back = -1: 4459 pixels
  front - back = +1: 7305 pixels
  front - back = +2: 260 pixels
