depth complexity over 131613 covered pixels (colour ramp saturates at 16 layers):
  1 triangles:   27641 pixels ( 21.0%)  odd
  2 triangles:   84118 pixels ( 63.9%)
  3 triangles:    4169 pixels (  3.2%)  odd
  4 triangles:   11398 pixels (  8.7%)
  5 triangles:     875 pixels (  0.7%)  odd
  6 triangles:    2277 pixels (  1.7%)
  7 triangles:     248 pixels (  0.2%)  odd
  8 triangles:     561 pixels (  0.4%)
  9 triangles:      77 pixels (  0.1%)  odd
  10 triangles:     168 pixels (  0.1%)
  11 triangles:      22 pixels (  0.0%)  odd
  12 triangles:      36 pixels (  0.0%)
  13 triangles:       7 pixels (  0.0%)  odd
  14 triangles:      12 pixels (  0.0%)
  15 triangles:       1 pixels (  0.0%)  odd
  16 triangles:       2 pixels (  0.0%)
  18 triangles:       1 pixels (  0.0%)
  odd pixels (holes seen through): 33040 (25.10%)
  front - back = -3: 2 pixels
  front - back = -2: 103 pixels
  front - back = -1: 4024 pixels
  front - back = +1: 29007 pixels
  front - back = +2: 157 pixels
  front - back = +3: 7 pixels
