  dragonBottomFill1_0   36851 points   68610 faces  (transformed by dragonBottomFill1_0.xf)
  dragonBottomFill2_0   40262 points   75747 faces  (transformed by dragonBottomFill2_0.xf)
  dragonKnee_0   34837 points   65696 faces  (transformed by dragonKnee_0.xf)
  dragonMouth1_0   32286 points   60065 faces  (transformed by dragonMouth1_0.xf)
  dragonMouth2_0   24325 points   45368 faces  (transformed by dragonMouth2_0.xf)
  dragonMouth3_0   45560 points   87025 faces  (transformed by dragonMouth3_0.xf)
  dragonMouth4_0   43487 points   82894 faces  (transformed by dragonMouth4_0.xf)
  dragonMouth5_0   34754 points   65035 faces  (transformed by dragonMouth5_0.xf)
  dragonMouth6_0   27019 points   50623 faces  (transformed by dragonMouth6_0.xf)
  dragonMouth7_0   26743 points   49427 faces  (transformed by dragonMouth7_0.xf)
  dragonMouth8_0   14185 points   25802 faces  (transformed by dragonMouth8_0.xf)
  dragonNook1_0   22463 points   40296 faces  (transformed by dragonNook1_0.xf)
  dragonNook2_0   30746 points   57904 faces  (transformed by dragonNook2_0.xf)
  dragonSideRight_0   25914 points   49876 faces  (transformed by dragonSideRight_0.xf)
  dragonSideRight_120   21834 points   39114 faces  (transformed by dragonSideRight_120.xf)
  dragonSideRight_144   23532 points   42303 faces  (transformed by dragonSideRight_144.xf)
  dragonSideRight_168   24577 points   44631 faces  (transformed by dragonSideRight_168.xf)
  dragonSideRight_192   23218 points   41981 faces  (transformed by dragonSideRight_192.xf)
  dragonSideRight_216   20679 points   36984 faces  (transformed by dragonSideRight_216.xf)
  dragonSideRight_24   25219 points   48052 faces  (transformed by dragonSideRight_24.xf)
  dragonSideRight_240   17696 points   32365 faces  (transformed by dragonSideRight_240.xf)
  dragonSideRight_264   14980 points   27354 faces  (transformed by dragonSideRight_264.xf)
  dragonSideRight_288   21327 points   38911 faces  (transformed by dragonSideRight_288.xf)
  dragonSideRight_312   27333 points   51741 faces  (transformed by dragonSideRight_312.xf)
  dragonSideRight_336   25823 points   49686 faces  (transformed by dragonSideRight_336.xf)
  dragonSideRight_48   20501 points   38306 faces  (transformed by dragonSideRight_48.xf)
  dragonSideRight_72   13946 points   25934 faces  (transformed by dragonSideRight_72.xf)
  dragonSideRight_96   17048 points   31253 faces  (transformed by dragonSideRight_96.xf)
  dragonStandRight_0   41841 points   79464 faces  (transformed by dragonStandRight_0.xf)
  dragonStandRight_120   34436 points   65773 faces  (transformed by dragonStandRight_120.xf)
  dragonStandRight_144   43181 points   82714 faces  (transformed by dragonStandRight_144.xf)
  dragonStandRight_168   44329 points   84878 faces  (transformed by dragonStandRight_168.xf)
  dragonStandRight_192   39526 points   75277 faces  (transformed by dragonStandRight_192.xf)
  dragonStandRight_216   30492 points   57691 faces  (transformed by dragonStandRight_216.xf)
  dragonStandRight_24   34836 points   65965 faces  (transformed by dragonStandRight_24.xf)
  dragonStandRight_240   19318 points   35640 faces  (transformed by dragonStandRight_240.xf)
  dragonStandRight_264   15050 points   27796 faces  (transformed by dragonStandRight_264.xf)
  dragonStandRight_288   24573 points   45736 faces  (transformed by dragonStandRight_288.xf)
  dragonStandRight_312   40528 points   76473 faces  (transformed by dragonStandRight_312.xf)
  dragonStandRight_336   43467 points   82330 faces  (transformed by dragonStandRight_336.xf)
  dragonStandRight_48   22092 points   40681 faces  (transformed by dragonStandRight_48.xf)
  dragonStandRight_72   14879 points   27648 faces  (transformed by dragonStandRight_72.xf)
  dragonStandRight_96   20645 points   38936 faces  (transformed by dragonStandRight_96.xf)
  dragonToes_0   31231 points   58210 faces  (transformed by dragonToes_0.xf)
  dragonToes3_0   56525 points  106872 faces  (transformed by dragonToes3_0.xf)
  dragonTopFill1_0   43298 points   82880 faces  (transformed by dragonTopFill1_0.xf)
  dragonTopFill2_0   45701 points   87446 faces  (transformed by dragonTopFill2_0.xf)
  dragonUpRight_0   42641 points   81312 faces  (transformed by dragonUpRight_0.xf)
  dragonUpRight_120   29756 points   56751 faces  (transformed by dragonUpRight_120.xf)
  dragonUpRight_144   26929 points   51553 faces  (transformed by dragonUpRight_144.xf)
  dragonUpRight_168   23533 points   44675 faces  (transformed by dragonUpRight_168.xf)
  dragonUpRight_192   28443 points   53146 faces  (transformed by dragonUpRight_192.xf)
  dragonUpRight_216   27534 points   51723 faces  (transformed by dragonUpRight_216.xf)
  dragonUpRight_24   35774 points   67399 faces  (transformed by dragonUpRight_24.xf)
  dragonUpRight_240   25457 points   48685 faces  (transformed by dragonUpRight_240.xf)
  dragonUpRight_264   25557 points   48335 faces  (transformed by dragonUpRight_264.xf)
  dragonUpRight_288   30178 points   56152 faces  (transformed by dragonUpRight_288.xf)
  dragonUpRight_312   38306 points   71675 faces  (transformed by dragonUpRight_312.xf)
  dragonUpRight_336   42140 points   80167 faces  (transformed by dragonUpRight_336.xf)
  dragonUpRight_48   25141 points   45937 faces  (transformed by dragonUpRight_48.xf)
  dragonUpRight_72   16577 points   30021 faces  (transformed by dragonUpRight_72.xf)
  dragonUpRight_96   24979 points   46918 faces  (transformed by dragonUpRight_96.xf)
merged 62 scans: 1826038 points, 3429842 faces
depth complexity over 131539 covered pixels (colour ramp saturates at 49 layers):
  1 triangles:   23509 pixels ( 17.9%)  odd
  2 triangles:     636 pixels (  0.5%)
  3 triangles:     437 pixels (  0.3%)  odd
  4 triangles:     383 pixels (  0.3%)
  5 triangles:     418 pixels (  0.3%)  odd
  6 triangles:     580 pixels (  0.4%)
  7 triangles:     609 pixels (  0.5%)  odd
  8 triangles:     610 pixels (  0.5%)
  9 triangles:     739 pixels (  0.6%)  odd
  10 triangles:     803 pixels (  0.6%)
  11 triangles:    1091 pixels (  0.8%)  odd
  12 triangles:    1111 pixels (  0.8%)
  13 triangles:    1366 pixels (  1.0%)  odd
  14 triangles:    1802 pixels (  1.4%)
  15 triangles:    2080 pixels (  1.6%)  odd
  16 triangles:    2273 pixels (  1.7%)
  17 triangles:    2533 pixels (  1.9%)  odd
  18 triangles:    2842 pixels (  2.2%)
  19 triangles:    3315 pixels (  2.5%)  odd
  20 triangles:    3695 pixels (  2.8%)
  21 triangles:    4215 pixels (  3.2%)  odd
  22 triangles:    4629 pixels (  3.5%)
  23 triangles:    5140 pixels (  3.9%)  odd
  24 triangles:    5608 pixels (  4.3%)
  25 triangles:    5982 pixels (  4.5%)  odd
  26 triangles:    5906 pixels (  4.5%)
  27 triangles:    5607 pixels (  4.3%)  odd
  28 triangles:    5483 pixels (  4.2%)
  29 triangles:    5439 pixels (  4.1%)  odd
  30 triangles:    4627 pixels (  3.5%)
  31 triangles:    4218 pixels (  3.2%)  odd
  32 triangles:    3522 pixels (  2.7%)
  33 triangles:    3161 pixels (  2.4%)  odd
  34 triangles:    2599 pixels (  2.0%)
  35 triangles:    2270 pixels (  1.7%)  odd
  36 triangles:    2169 pixels (  1.6%)
  37 triangles:    1817 pixels (  1.4%)  odd
  38 triangles:    1550 pixels (  1.2%)
  39 triangles:    1171 pixels (  0.9%)  odd
  40 triangles:     905 pixels (  0.7%)
  41 triangles:     646 pixels (  0.5%)  odd
  42 triangles:     521 pixels (  0.4%)
  43 triangles:     428 pixels (  0.3%)  odd
  44 triangles:     395 pixels (  0.3%)
  45 triangles:     363 pixels (  0.3%)  odd
  46 triangles:     366 pixels (  0.3%)
  47 triangles:     313 pixels (  0.2%)  odd
  48 triangles:     248 pixels (  0.2%)
  49 triangles:     205 pixels (  0.2%)  odd
  50 triangles:     202 pixels (  0.2%)
  51 triangles:     180 pixels (  0.1%)  odd
  52 triangles:     136 pixels (  0.1%)
  53 triangles:     103 pixels (  0.1%)  odd
  54 triangles:      84 pixels (  0.1%)
  55 triangles:      65 pixels (  0.0%)  odd
  56 triangles:      56 pixels (  0.0%)
  57 triangles:      43 pixels (  0.0%)  odd
  58 triangles:      43 pixels (  0.0%)
  59 triangles:      37 pixels (  0.0%)  odd
  60 triangles:      29 pixels (  0.0%)
  61 triangles:      23 pixels (  0.0%)  odd
  62 triangles:      19 pixels (  0.0%)
  63 triangles:      17 pixels (  0.0%)  odd
  64 triangles:      17 pixels (  0.0%)
  65 triangles:      17 pixels (  0.0%)  odd
  66 triangles:      13 pixels (  0.0%)
  67 triangles:      12 pixels (  0.0%)  odd
  68 triangles:      28 pixels (  0.0%)
  69 triangles:      15 pixels (  0.0%)  odd
  70 triangles:      12 pixels (  0.0%)
  71 triangles:       8 pixels (  0.0%)  odd
  72 triangles:       8 pixels (  0.0%)
  73 triangles:      11 pixels (  0.0%)  odd
  74 triangles:       4 pixels (  0.0%)
  75 triangles:       3 pixels (  0.0%)  odd
  76 triangles:       3 pixels (  0.0%)
  77 triangles:       2 pixels (  0.0%)  odd
  78 triangles:       3 pixels (  0.0%)
  79 triangles:       3 pixels (  0.0%)  odd
  80 triangles:       4 pixels (  0.0%)
  81 triangles:       1 pixels (  0.0%)  odd
  82 triangles:       1 pixels (  0.0%)
  86 triangles:       1 pixels (  0.0%)
  98 triangles:       1 pixels (  0.0%)
  odd pixels (holes seen through): 77612 (59.00%)
  front - back = -21: 6 pixels
  front - back = -20: 10 pixels
  front - back = -19: 27 pixels
  front - back = -18: 33 pixels
  front - back = -17: 57 pixels
  front - back = -16: 130 pixels
  front - back = -15: 166 pixels
  front - back = -14: 247 pixels
  front - back = -13: 355 pixels
  front - back = -12: 706 pixels
  front - back = -11: 1024 pixels
  front - back = -10: 1258 pixels
  front - back = -9: 1228 pixels
  front - back = -8: 1720 pixels
  front - back = -7: 2474 pixels
  front - back = -6: 2690 pixels
  front - back = -5: 3063 pixels
  front - back = -4: 3105 pixels
  front - back = -3: 3884 pixels
  front - back = -2: 4399 pixels
  front - back = -1: 5362 pixels
  front - back = +1: 28490 pixels
  front - back = +2: 6017 pixels
  front - back = +3: 5884 pixels
  front - back = +4: 5602 pixels
  front - back = +5: 5750 pixels
  front - back = +6: 5551 pixels
  front - back = +7: 5207 pixels
  front - back = +8: 4950 pixels
  front - back = +9: 4768 pixels
  front - back = +10: 4342 pixels
  front - back = +11: 3706 pixels
  front - back = +12: 3140 pixels
  front - back = +13: 2550 pixels
  front - back = +14: 2468 pixels
  front - back = +15: 2052 pixels
  front - back = +16: 1316 pixels
  front - back = +17: 919 pixels
  front - back = +18: 547 pixels
  front - back = +19: 409 pixels
  front - back = +20: 248 pixels
  front - back = +21: 165 pixels
  front - back = +22: 79 pixels
  front - back = +23: 53 pixels
  front - back = +24: 22 pixels
  front - back = +25: 8 pixels
  front - back = +26: 4 pixels
  front - back = +27: 3 pixels
  front - back = +28: 1 pixels
  front - back = +29: 2 pixels
